<?xml version="1.0" encoding="UTF-8"?>
<testng-results ignored="0" total="1" passed="1" failed="0" skipped="0">
  <reporter-output>
  </reporter-output>
  <suite started-at="2024-01-25T15:03:00 IST" name="Gradle suite" finished-at="2024-01-25T15:03:10 IST" duration-ms="9435">
    <groups>
    </groups>
    <test started-at="2024-01-25T15:03:00 IST" name="Gradle test" finished-at="2024-01-25T15:03:10 IST" duration-ms="9435">
      <class name="QKART_TESTNG.QKART_Tests">
        <test-method is-config="true" signature="createDriver()[pri:0, instance:QKART_TESTNG.QKART_Tests@4f741f58]" started-at="2024-01-25T15:02:58 IST" name="createDriver" finished-at="2024-01-25T15:03:00 IST" duration-ms="2018" status="PASS">
          <reporter-output>
          </reporter-output>
        </test-method> <!-- createDriver -->
        <test-method signature="TestCase01()[pri:0, instance:QKART_TESTNG.QKART_Tests@4f741f58]" started-at="2024-01-25T15:03:00 IST" name="TestCase01" finished-at="2024-01-25T15:03:10 IST" duration-ms="9345" status="PASS">
          <reporter-output>
          </reporter-output>
        </test-method> <!-- TestCase01 -->
        <test-method is-config="true" signature="quitDriver()[pri:0, instance:QKART_TESTNG.QKART_Tests@4f741f58]" started-at="2024-01-25T15:03:10 IST" name="quitDriver" finished-at="2024-01-25T15:03:10 IST" duration-ms="128" status="PASS">
          <reporter-output>
          </reporter-output>
        </test-method> <!-- quitDriver -->
      </class> <!-- QKART_TESTNG.QKART_Tests -->
    </test> <!-- Gradle test -->
  </suite> <!-- Gradle suite -->
</testng-results>
